Carnivora
Rodentia
Passeriformes
Squamata
Carnivora
Caudata
Anseriformes
Anseriformes
Squamata
Squamata
Passeriformes
Anseriformes
Dasyuromorphia
Passeriformes
Rodentia
Apterygiformes
Apodiformes
Accipitriformes
Rodentia
Rodentia
Anseriformes
Artiodactyla
Artiodactyla
Anura
Artiodactyla
Artiodactyla
Artiodactyla
Artiodactyla
Anura
Anura
Primates
Columbiformes
Apodiformes
Passeriformes
Artiodactyla
Artiodactyla
Squamata
Artiodactyla
Artiodactyla
Passeriformes
Artiodactyla
Artiodactyla
Rodentia
Passeriformes
Pilosa
Charadriiformes
Passeriformes
Coliiformes
Columbiformes
Passeriformes
Passeriformes
Passeriformes
Galliformes
Cuculiformes
Anseriformes
Anseriformes
Dermoptera
Artiodactyla
Cingulata
Artiodactyla
Anura
Chiroptera
Perissodactyla
Casuariiformes
Microbiotheria
Piciformes
Proboscidea
Squamata
Chiroptera
Perissodactyla
Perissodactyla
Perissodactyla
Perissodactyla
Eulipotyphla
Squamata
Artiodactyla
Artiodactyla
Squamata
Primates
Squamata
Falconiformes
Falconiformes
Falconiformes
Falconiformes
Falconiformes
Carnivora
Passeriformes
Gaviiformes
Gymnophiona
Artiodactyla
Primates
Gruiformes
Accipitriformes
Accipitriformes
Squamata
Squamata
Artiodactyla
Passeriformes
Primates
Anura
Anura
Rodentia
Piciformes
Rodentia
Squamata
Artiodactyla
Galliformes
Psittaciformes
Primates
Carnivora
Lagomorpha
Passeriformes
Proboscidea
Carnivora
Primates
Primates
Primates
Primates
Pholidota
Rodentia
Rodentia
Carnivora
Psittaciformes
Passeriformes
Passeriformes
Rodentia
Artiodactyla
Gymnophiona
Primates
Rodentia
Passeriformes
Passeriformes
Didelphimorphia
Passeriformes
Artiodactyla
Rodentia
Rodentia
Rodentia
Carnivora
Carnivora
Carnivora
Chiroptera
Carnivora
Carnivora
Carnivora
Galliformes
Caprimulgiformes
Primates
Lagomorpha
Artiodactyla
Passeriformes
Rodentia
Artiodactyla
Monotremata
Lagomorpha
Artiodactyla
Artiodactyla
Anseriformes
Primates
Carnivora
Carnivora
Carnivora
Carnivora
Primates
Primates
Passeriformes
Passeriformes
Columbiformes
Anura
Rodentia
Rodentia
Rodentia
Rodentia
Artiodactyla
Cuculiformes
Artiodactyla
Artiodactyla
Chiroptera
Primates
Passeriformes
Caudata
Squamata
Squamata
Passeriformes
Piciformes
Primates
Primates
Passeriformes
Carnivora
Anura
Passeriformes
Artiodactyla
Anura
Rodentia
Rheiformes
Gymnophiona
Squamata
Chiroptera
Primates
Charadriiformes
Chiroptera
Chiroptera
Dasyuromorphia
Rodentia
Passeriformes
Eulipotyphla
Anura
Squamata
Psittaciformes
Struthioniformes
Eulipotyphla
Carnivora
Artiodactyla
Passeriformes
Monotremata
Passeriformes
Squamata
Primates
Diprotodontia
Artiodactyla
Carnivora
Passeriformes
Passeriformes
Carnivora
Anura
Carnivora
Passeriformes
Squamata
