Amia_calva
Lepisosteus_oculatus
Bufo_bufo
Bufo_gargarizans
Dendropsophus_ebraccatus
Eleutherodactylus_coqui
Hyla_sarda
Pseudophryne_corroboree
Rana_temporaria
Ranitomeya_imitator
Spea_bombifrons
Xenopus_tropicalis
Anas_acuta
Anas_platyrhynchos
Anser_cygnoides
Apteryx_mantelli
Aquila_chrysaetos
Aythya_fuligula
Caloenas_nicobarica
Camarhynchus_parvulus
Columba_livia
Corvus_cornix
Corvus_hawaiiensis
Coturnix_japonica
Cygnus_atratus
Dromaius_novaehollandiae
Falco_rusticolus
Gallus_gallus
Grus_americana
Melopsittacus_undulatus
Molothrus_aeneus
Pseudopipra_pipra
Rhea_pennata
Rissa_tridactyla
Strigops_habroptila
Amblyraja_radiata
Mobula_hypostoma
Narcine_bancroftii
Pristiophorus_japonicus
Pristis_pectinata
Scyliorhinus_canicula
Erpetoichthys_calabaricus
Anolis_sagrei
Candoia_aspera
Erythrolamprus_reginae
Hemicordylus_capensis
Heteronotia_binoei
Lacerta_agilis
Podarcis_raffonei
Rhineura_floridana
Sphaerodactylus_townsendi
Thamnophis_elegans
Acinonyx_jubatus
Apodemus_sylvaticus
Arvicanthis_niloticus
Choloepus_didactylus
Cricetulus_griseus
Cynocephalus_volans
Desmodus_rotundus
Eptesicus_fuscus
Equus_quagga
Erinaceus_europaeus
Eulemur_rufifrons
Felis_catus
Homo_sapiens
Lemur_catta
Leopardus_geoffroyi
Lutra_lutra
Lynx_canadensis
Macaca_fascicularis
Macaca_mulatta
Macaca_nemestrina
Macaca_thibetana
Marmota_flaviventris
Meles_meles
Meriones_unguiculatus
Mus_pahari
Mustela_erminea
Mustela_lutreola
Mustela_nigripes
Myotis_daubentonii
Neofelis_nebulosa
Neogale_vison
Nycticebus_coucang
Oryctolagus_cuniculus
Panthera_onca
Pan_troglodytes
Papio_anubis
Peromyscus_eremicus
Peromyscus_leucopus
Phyllostomus_discolor
Pongo_abelii
Prionailurus_bengalensis
Prionailurus_viverrinus
Rhinolophus_ferrumequinum
Rhinopithecus_roxellana
Suricata_suricatta
Vulpes_lagopus
Caretta_caretta
Chelonia_mydas
Gopherus_flavomarginatus
Malaclemys_terrapin
Mauremys_mutica
Crocodylus_porosus
Gavialis_gangeticus
