Ambystoma_mexicanum
Bombina_bombina
Bufo_bufo
Bufo_gargarizans
Dendropsophus_ebraccatus
Eleutherodactylus_coqui
Geotrypetes_seraphini
Pelobates_fuscus
Pleurodeles_waltl
Pseudophryne_corroboree
Rana_temporaria
Ranitomeya_imitator
Spea_bombifrons
Xenopus_tropicalis
Anas_acuta
Anas_platyrhynchos
Anser_cygnoides
Aphelocoma_coerulescens
Apteryx_mantelli
Aquila_chrysaetos
Aythya_fuligula
Caloenas_nicobarica
Calypte_anna
Camarhynchus_parvulus
Chroicocephalus_ridibundus
Colius_striatus
Columba_livia
Corvus_cornix
Corvus_hawaiiensis
Corvus_moneduloides
Coturnix_japonica
Cygnus_atratus
Cygnus_olor
Dromaius_novaehollandiae
Falco_rusticolus
Gavia_stellata
Grus_americana
Gymnogyps_californianus
Heliangelus_exortis
Hirundo_rustica
Lagopus_muta
Melopsittacus_undulatus
Molothrus_aeneus
Molothrus_ater
Oenanthe_melanoleuca
Patagioenas_fasciata
Phaenicophaeus_curvirostris
Pithys_albifrons
Prinia_subflava
Pseudopipra_pipra
Rhea_pennata
Rissa_tridactyla
Struthio_camelus
Amblyraja_radiata
Mobula_hypostoma
Narcine_bancroftii
Pristis_pectinata
Scyliorhinus_canicula
Acinonyx_jubatus
Acomys_russatus
Apodemus_sylvaticus
Arvicanthis_niloticus
Arvicola_amphibius
Balaenoptera_acutorostrata
Balaenoptera_musculus
Bos_mutus
Bubalus_bubalis
Budorcas_taxicolor
Callithrix_jacchus
Camelus_ferus
Capra_hircus
Cervus_elaphus
Chionomys_nivalis
Choloepus_didactylus
Cricetulus_griseus
Cynocephalus_volans
Dama_dama
Desmodus_rotundus
Diceros_bicornis
Dromiciops_gliroides
Elephas_maximus
Eptesicus_fuscus
Equus_asinus
Equus_caballus
Equus_przewalskii
Erinaceus_europaeus
Eschrichtius_robustus
Eubalaena_glacialis
Eulemur_rufifrons
Felis_catus
Globicephala_melas
Gorilla_gorilla
Hippopotamus_amphibius
Jaculus_jaculus
Lagenorhynchus_albirostris
Lemur_catta
Leopardus_geoffroyi
Lepus_europaeus
Loxodonta_africana
Lutra_lutra
Lynx_canadensis
Macaca_fascicularis
Macaca_mulatta
Macaca_nemestrina
Macaca_thibetana
Manis_pentadactyla
Marmota_flaviventris
Meles_meles
Meriones_unguiculatus
Mesoplodon_densirostris
Microcebus_murinus
Mus_musculus
Mustela_erminea
Mustela_lutreola
Neofelis_nebulosa
Neogale_vison
Nycticebus_coucang
Ochotona_princeps
Odocoileus_virginianus
Orcinus_orca
Ornithorhynchus_anatinus
Oryctolagus_cuniculus
Ovis_aries
Ovis_canadensis
Pan_paniscus
Panthera_leo
Panthera_onca
Panthera_tigris
Pan_troglodytes
Perognathus_longimembris
Peromyscus_leucopus
Peromyscus_maniculatus
Phacochoerus_africanus
Phocoena_phocoena
Phocoena_sinus
Phyllostomus_discolor
Pongo_abelii
Pongo_pygmaeus
Prionailurus_bengalensis
Prionailurus_viverrinus
Pseudorca_crassidens
Rattus_norvegicus
Rhinolophus_ferrumequinum
Rhinopithecus_roxellana
Saccopteryx_bilineata
Saccopteryx_leptura
Sarcophilus_harrisii
Sciurus_carolinensis
Sorex_araneus
Suncus_etruscus
Sus_scrofa
Symphalangus_syndactylus
Tachyglossus_aculeatus
Trichosurus_vulpecula
Tursiops_truncatus
Ursus_arctos
Vulpes_lagopus
Zalophus_californianus
Anolis_carolinensis
Anolis_sagrei
Candoia_aspera
Elgaria_multicarinata
Erythrolamprus_reginae
Eublepharis_macularius
Euleptes_europaea
Hemicordylus_capensis
Heteronotia_binoei
Lacerta_agilis
Podarcis_raffonei
Rhineura_floridana
Sphaerodactylus_townsendi
Thamnophis_elegans
Zootoca_vivipara
Caretta_caretta
Chelonia_mydas
Chrysemys_picta
Dermochelys_coriacea
Emys_orbicularis
Gopherus_flavomarginatus
Malaclemys_terrapin
Mauremys_reevesii
