Bombina_bombina
Bufo_bufo
Bufo_gargarizans
Dendropsophus_ebraccatus
Eleutherodactylus_coqui
Pelobates_fuscus
Pseudophryne_corroboree
Rana_temporaria
Ranitomeya_imitator
Spea_bombifrons
Xenopus_tropicalis
Aphelocoma_coerulescens
Aquila_chrysaetos
Camarhynchus_parvulus
Colius_striatus
Corvus_cornix
Corvus_hawaiiensis
Corvus_moneduloides
Falco_rusticolus
Grus_americana
Hirundo_rustica
Melopsittacus_undulatus
Molothrus_aeneus
Molothrus_ater
Oenanthe_melanoleuca
Pithys_albifrons
Prinia_subflava
Rhea_pennata
Rissa_tridactyla
Mobula_hypostoma
Pristis_pectinata
Acinonyx_jubatus
Acomys_russatus
Apodemus_sylvaticus
Arvicanthis_niloticus
Arvicola_amphibius
Balaenoptera_acutorostrata
Balaenoptera_musculus
Bubalus_bubalis
Budorcas_taxicolor
Capra_hircus
Cervus_elaphus
Chionomys_nivalis
Cricetulus_griseus
Dama_dama
Desmodus_rotundus
Elephas_maximus
Eptesicus_fuscus
Eschrichtius_robustus
Eubalaena_glacialis
Felis_catus
Globicephala_melas
Hippopotamus_amphibius
Lagenorhynchus_albirostris
Lemur_catta
Leopardus_geoffroyi
Lepus_europaeus
Lynx_canadensis
Manis_pentadactyla
Marmota_flaviventris
Meriones_unguiculatus
Mesoplodon_densirostris
Microcebus_murinus
Mus_musculus
Neofelis_nebulosa
Ochotona_princeps
Orcinus_orca
Oryctolagus_cuniculus
Ovis_aries
Ovis_canadensis
Panthera_onca
Peromyscus_leucopus
Peromyscus_maniculatus
Phacochoerus_africanus
Phocoena_phocoena
Phocoena_sinus
Phyllostomus_discolor
Prionailurus_bengalensis
Pseudorca_crassidens
Rattus_norvegicus
Saccopteryx_bilineata
Saccopteryx_leptura
Sciurus_carolinensis
Sorex_araneus
Suncus_etruscus
Sus_scrofa
Tursiops_truncatus
Ursus_arctos
Heteronotia_binoei
Lacerta_agilis
Podarcis_raffonei
Sphaerodactylus_townsendi
Zootoca_vivipara
Caretta_caretta
Chelonia_mydas
Gopherus_flavomarginatus
Malaclemys_terrapin
Mauremys_reevesii
