Accipiter_gentilis
Agelaius_tricolor
Anas_acuta
Anas_platyrhynchos
Anolis_carolinensis
Anolis_sagrei
Anser_cygnoides
Aphelocoma_coerulescens
Apteryx_mantelli
Aquila_chrysaetos_chrysaetos
Aythya_fuligula
Caloenas_nicobarica
Calypte_anna
Camarhynchus_parvulus
Candoia_aspera
Caretta_caretta
Chamaea_fasciata
Chelonia_mydas
Chroicocephalus_ridibundus
Chrysemys_picta_bellii
Colius_striatus
Columba_livia
Corvus_cornix_cornix
Corvus_hawaiiensis
Corvus_moneduloides
Coturnix_japonica
Cyrtonyx_montezumae
Dermochelys_coriacea
Dromaius_novaehollandiae
Elgaria_multicarinata_webbii
Emys_orbicularis
Erythrolamprus_reginae
Eublepharis_macularius
Euleptes_europaea
Falco_rusticolus
Gallus_gallus
Gavia_stellata
Gopherus_flavomarginatus
Grus_americana
Gymnogyps_californianus
Heliangelus_exortis
Hemicordylus_capensis
Heteronotia_binoei
Hirundo_rustica
Lacerta_agilis
Lagopus_muta
Malaclemys_terrapin_pileata
Mauremys_reevesii
Melopsittacus_undulatus
Molothrus_aeneus
Molothrus_ater
Oenanthe_melanoleuca
Pantherophis_guttatus
Patagioenas_fasciata
Phaenicophaeus_curvirostris
Pipra_filicauda
Podarcis_raffonei
Prinia_subflava
Pseudopipra_pipra
Rhea_pennata
Rhineura_floridana
Rissa_tridactyla
Sphaerodactylus_townsendi
Struthio_camelus
Thamnophis_elegans
Tympanuchus_pallidicinctus
Tyto_alba
Zootoca_vivipara
