Heteronotia_binoei
Euleptes_europaea
Sphaerodactylus_townsendi
Eublepharis_macularius
Hemicordylus_capensis
Candoia_aspera
Pantherophis_guttatus
Pituophis_catenifer_annectens
Erythrolamprus_reginae
Thamnophis_elegans
Crotalus_tigris
Elgaria_multicarinata_webbii
Anolis_sagrei
Anolis_carolinensis
Podarcis_raffonei
Lacerta_agilis
Zootoca_vivipara
Rhineura_floridana
Struthio_camelus
Apteryx_mantelli
Dromaius_novaehollandiae
Rhea_pennata
Calypte_anna
Heliangelus_exortis
Gavia_stellata
Grus_americana
Chroicocephalus_ridibundus
Rissa_tridactyla
Caloenas_nicobarica
Columba_livia
Patagioenas_fasciata
Colius_striatus
Tyto_alba
Accipiter_gentilis
Aquila_chrysaetos_chrysaetos
Gymnogyps_californianus
Melopsittacus_undulatus
Chamaea_fasciata
Prinia_subflava
Hirundo_rustica
Oenanthe_melanoleuca
Corvus_moneduloides
Corvus_cornix_cornix
Corvus_hawaiiensis
Camarhynchus_parvulus
Aphelocoma_coerulescens
Molothrus_ater
Molothrus_aeneus
Agelaius_tricolor
Pseudopipra_pipra
Pipra_filicauda
Falco_rusticolus
Phaenicophaeus_curvirostris
Anas_platyrhynchos
Anas_acuta
Aythya_fuligula
Anser_cygnoides
Coturnix_japonica
Lagopus_muta
Tympanuchus_pallidicinctus
Gallus_gallus
Cyrtonyx_montezumae
Malaclemys_terrapin_pileata
Chrysemys_picta_bellii
Emys_orbicularis
Mauremys_reevesii
Gopherus_flavomarginatus
Caretta_caretta
Chelonia_mydas
Dermochelys_coriacea
