Acanthochromis_polyacanthus
Acanthopagrus_latus
Acinonyx_jubatus
Acomys_russatus
Agelaius_phoeniceus
Ahaetulla_prasina
Ailuropoda_melanoleuca
Alligator_mississippiensis
Alosa_alosa
Alosa_sapidissima
Amblyraja_radiata
Ambystoma_mexicanum
Amia_calva
Amphiprion_ocellaris
Anabas_testudineus
Anas_acuta
Anas_platyrhynchos
Anguilla_anguilla
Anguilla_rostrata
Anolis_carolinensis
Anolis_sagrei
Anomalospiza_imberbis
Anoplopoma_fimbria
Anser_cygnoides
Antechinus_flavipes
Antennarius_striatus
Aphelocoma_coerulescens
Apodemus_sylvaticus
Apteryx_mantelli
Apus_apus
Aquila_chrysaetos
Archocentrus_centrarchus
Arvicanthis_niloticus
Arvicola_amphibius
Astyanax_mexicanus
Aythya_fuligula
Balaenoptera_acutorostrata
Balaenoptera_musculus
Betta_splendens
Bombina_bombina
Bos_mutus
Bos_taurus
Brienomyrus_brachyistius
Bubalus_bubalis
Budorcas_taxicolor
Bufo_bufo
Bufo_gargarizans
Callithrix_jacchus
Caloenas_nicobarica
Calypte_anna
Camarhynchus_parvulus
Camelus_dromedarius
Camelus_ferus
Candoia_aspera
Capra_hircus
Capricornis_sumatraensis
Carassius_auratus
Carassius_carassius
Carcharodon_carcharias
Caretta_caretta
Catharus_ustulatus
Centropristis_striata
Cervus_canadensis
Cervus_elaphus
Chaetodon_trifascialis
Chanodichthys_erythropterus
Chanos_chanos
Cheilinus_undulatus
Chelmon_rostratus
Chelonia_mydas
Chionomys_nivalis
Chiroxiphia_lanceolata
Choloepus_didactylus
Chroicocephalus_ridibundus
Chrysemys_picta
Cinclus_cinclus
Clarias_gariepinus
Clupea_harengus
Colius_striatus
Cololabis_saira
Columba_livia
Corvus_cornix
Corvus_hawaiiensis
Corvus_moneduloides
Corythoichthys_intestinalis
Coturnix_japonica
Cricetulus_griseus
Ctenopharyngodon_idella
Cuculus_canorus
Cyclopterus_lumpus
Cygnus_atratus
Cygnus_olor
Cynocephalus_volans
Cynoglossus_semilaevis
Cyprinus_carpio
Dama_dama
Danio_aesculapii
Danio_rerio
Dasypus_novemcinctus
Delphinus_delphis
Dendropsophus_ebraccatus
Denticeps_clupeoides
Dermochelys_coriacea
Desmodus_rotundus
Diceros_bicornis
Dromaius_novaehollandiae
Dromiciops_gliroides
Echeneis_naucrates
Electrophorus_electricus
Eleginops_maclovinus
Elephas_maximus
Eleutherodactylus_coqui
Elgaria_multicarinata
Emys_orbicularis
Engraulis_encrasicolus
Enoplosus_armatus
Entelurus_aequoreus
Epinephelus_fuscoguttatus
Epinephelus_lanceolatus
Eptesicus_fuscus
Equus_asinus
Equus_caballus
Equus_przewalskii
Equus_quagga
Erinaceus_europaeus
Erpetoichthys_calabaricus
Erythrolamprus_reginae
Eschrichtius_robustus
Esox_lucius
Etheostoma_cragini
Eubalaena_glacialis
Eublepharis_macularius
Eulemur_rufifrons
Euleptes_europaea
Falco_biarmicus
Falco_cherrug
Falco_naumanni
Falco_peregrinus
Falco_rusticolus
Felis_catus
Ficedula_albicollis
Gadus_chalcogrammus
Gadus_morhua
Gambusia_affinis
Gasterosteus_aculeatus
Gavia_stellata
Geotrypetes_seraphini
Girardinichthys_multiradiatus
Globicephala_melas
Gopherus_flavomarginatus
Gorilla_gorilla
Gouania_willdenowi
Gracilinanus_agilis
Grus_americana
Gymnogyps_californianus
Haemorhous_mexicanus
Haliaeetus_albicilla
Heliangelus_exortis
Hemibagrus_wyckioides
Hemicordylus_capensis
Heteronotia_binoei
Hippocampus_zosterae
Hippoglossus_hippoglossus
Hippoglossus_stenolepis
Hippopotamus_amphibius
Hirundo_rustica
Hyla_sarda
Hyperolius_riggenbachi
Hypomesus_transpacificus
Ictalurus_furcatus
Ictalurus_punctatus
Ictidomys_tridecemlineatus
Indicator_indicator
Jaculus_jaculus
Kogia_breviceps
Kryptolebias_marmoratus
Labeo_rohita
Labrus_bergylta
Labrus_mixtus
Lacerta_agilis
Lagenorhynchus_albirostris
Lagopus_muta
Lampris_incognitus
Larimichthys_crocea
Lates_calcarifer
Lathamus_discolor
Lemur_catta
Leopardus_geoffroyi
Lepisosteus_oculatus
Lepus_europaeus
Lonchura_striata
Loxodonta_africana
Lutra_lutra
Lynx_canadensis
Macaca_fascicularis
Macaca_mulatta
Macaca_nemestrina
Macaca_thibetana
Malaclemys_terrapin
Manis_pentadactyla
Marmota_flaviventris
Mastacembelus_armatus
Mastomys_coucha
Mauremys_mutica
Mauremys_reevesii
Megalobrama_amblycephala
Melanotaenia_boesemani
Meleagris_gallopavo
Meles_meles
Melopsittacus_undulatus
Melospiza_georgiana
Melospiza_melodia
Meriones_unguiculatus
Mesoplodon_densirostris
Microcaecilia_unicolor
Microcebus_murinus
Micropterus_dolomieu
Microtus_ochrogaster
Misgurnus_anguillicaudatus
Mobula_hypostoma
Molothrus_aeneus
Molothrus_ater
Monodelphis_domestica
Motacilla_alba
Mugil_cephalus
Muntiacus_reevesi
Mus_caroli
Mus_musculus
Mus_pahari
Mustela_erminea
Mustela_lutreola
Mustela_nigripes
Myotis_daubentonii
Myripristis_murdjan
Narcine_bancroftii
Nematolebias_whitei
Neoarius_graeffei
Neofelis_nebulosa
Neogale_vison
Neomonachus_schauinslandi
Nomascus_leucogenys
Notolabrus_celidotus
Numida_meleagris
Nyctibius_grandis
Nycticebus_coucang
Ochotona_princeps
Odocoileus_virginianus
Oenanthe_melanoleuca
Oncorhynchus_gorbuscha
Oncorhynchus_keta
Onychomys_torridus
Onychostoma_macrolepis
Orcinus_orca
Ornithorhynchus_anatinus
Oryctolagus_cuniculus
Oryzias_latipes
Osmerus_eperlanus
Osmerus_mordax
Ovis_aries
Ovis_canadensis
Oxyura_jamaicensis
Pangasianodon_hypophthalmus
Pan_paniscus
Panthera_leo
Panthera_onca
Panthera_tigris
Panthera_uncia
Pan_troglodytes
Papio_anubis
Paralichthys_olivaceus
Parambassis_ranga
Parus_major
Passer_domesticus
Patagioenas_fasciata
Pelobates_fuscus
Perca_flavescens
Perca_fluviatilis
Periophthalmus_magnuspinnatus
Perognathus_longimembris
Peromyscus_eremicus
Peromyscus_leucopus
Peromyscus_maniculatus
Petromyzon_marinus
Phacochoerus_africanus
Phaenicophaeus_curvirostris
Phocoena_phocoena
Phocoena_sinus
Phycodurus_eques
Phyllopteryx_taeniolatus
Phyllostomus_discolor
Piliocolobus_tephrosceles
Pithys_albifrons
Platichthys_flesus
Plectropomus_leopardus
Pleurodeles_waltl
Pleuronectes_platessa
Podarcis_muralis
Podarcis_raffonei
Poecile_atricapillus
Poecilia_reticulata
Polyodon_spathula
Polypterus_senegalus
Pongo_abelii
Pongo_pygmaeus
Prinia_subflava
Prionailurus_bengalensis
Prionailurus_viverrinus
Pristiophorus_japonicus
Pristis_pectinata
Protopterus_annectens
Pseudophryne_corroboree
Pseudopipra_pipra
Pseudorasbora_parva
Pseudorca_crassidens
Pungitius_pungitius
Puntigrus_tetrazona
Pygocentrus_nattereri
Rana_temporaria
Ranitomeya_imitator
Rattus_norvegicus
Rhea_pennata
Rhinatrema_bivittatum
Rhineura_floridana
Rhinolophus_ferrumequinum
Rhinopithecus_roxellana
Rissa_tridactyla
Saccopteryx_bilineata
Saccopteryx_leptura
Salvelinus_namaycush
Sander_lucioperca
Sarcophilus_harrisii
Sardina_pilchardus
Scatophagus_argus
Sceloporus_undulatus
Sciurus_carolinensis
Scomber_japonicus
Scomber_scombrus
Scophthalmus_maximus
Scyliorhinus_canicula
Sebastes_umbrosus
Serinus_canaria
Seriola_aureovittata
Silurus_meridionalis
Siniperca_chuatsi
Solea_solea
Sorex_araneus
Sparus_aurata
Spea_bombifrons
Sphaeramia_orbicularis
Sphaerodactylus_townsendi
Strigops_habroptila
Struthio_camelus
Suncus_etruscus
Suricata_suricatta
Sus_scrofa
Sylvia_atricapilla
Symphalangus_syndactylus
Synchiropus_splendidus
Syngnathoides_biaculeatus
Syngnathus_acus
Syngnathus_scovelli
Syngnathus_typhle
Tachyglossus_aculeatus
Tachysurus_fulvidraco
Tachysurus_vachellii
Taeniopygia_guttata
Thalassophryne_amazonica
Thamnophis_elegans
Theropithecus_gelada
Thunnus_thynnus
Tiliqua_scincoides
Toxotes_jaculatrix
Trichomycterus_rosablanca
Trichosurus_vulpecula
Triplophysa_rosa
Tursiops_truncatus
Ursus_arctos
Vidua_chalybeata
Vidua_macroura
Vulpes_lagopus
Xenopus_tropicalis
Xiphias_gladius
Xiphophorus_hellerii
Xiphophorus_maculatus
Zalophus_californianus
Zonotrichia_leucophrys
Zootoca_vivipara
